[eazzy.me/html/garbini/product.html]
[backblue.gif]
[fade.gif]
[index.html]
[eazzy.me/html/garbini/css/bootstrap.min.css]
[eazzy.me/html/garbini/css/owl.carousel.css]
[eazzy.me/html/garbini/css/owl.theme.css]
[eazzy.me/html/garbini/css/owl.transitions.css]
[eazzy.me/html/garbini/css/style-pink.css]
[eazzy.me/html/garbini/about-us.html]
[eazzy.me/html/garbini/blog.html]
[eazzy.me/html/garbini/contact.html]
[eazzy.me/html/garbini/my-account.html]
[eazzy.me/html/garbini/account-details.html]
[eazzy.me/html/garbini/account-info.html]
[eazzy.me/html/garbini/cng-pw.html]
[eazzy.me/html/garbini/address-book.html]
[eazzy.me/html/garbini/order-history.html]
[eazzy.me/html/garbini/review-rating.html]
[eazzy.me/html/garbini/return.html]
[eazzy.me/html/garbini/newsletter.html]
[eazzy.me/html/garbini/myaccount-leftsidebar.html]
[eazzy.me/html/garbini/index.html]
[eazzy.me/html/garbini/img/logo.png]
[eazzy.me/html/garbini/index-2.html]
[eazzy.me/html/garbini/index-3.html]
[eazzy.me/html/garbini/index-alt.html]
[eazzy.me/html/garbini/category.html]
[eazzy.me/html/garbini/portfolio.html]
[eazzy.me/html/garbini/portfolio-single.html]
[eazzy.me/html/garbini/portfolio-3col.html]
[eazzy.me/html/garbini/portfolio-2col.html]
[eazzy.me/html/garbini/portfolio-alt.html]
[eazzy.me/html/garbini/pages.html]
[eazzy.me/html/garbini/services.html]
[eazzy.me/html/garbini/services-2.html]
[eazzy.me/html/garbini/faqs.html]
[eazzy.me/html/garbini/faqs-with-sidebar.html]
[eazzy.me/html/garbini/contact-2.html]
[eazzy.me/html/garbini/contact-3.html]
[eazzy.me/html/garbini/price-table.html]
[eazzy.me/html/garbini/shortcodes.html]
[eazzy.me/html/garbini/typography.html]
[eazzy.me/html/garbini/error-404.html]
[eazzy.me/html/garbini/img/images/large.jpg]
[eazzy.me/html/garbini/img/images/product-1.jpg]
[eazzy.me/html/garbini/img/images/product-2.jpg]
[eazzy.me/html/garbini/img/images/product-3.jpg]
[eazzy.me/html/garbini/img/images/product-4.jpg]
[eazzy.me/html/garbini/img/images/payments.png]
[eazzy.me/html/garbini/shopping-cart.html]
[ajax.googleapis.com/ajax/libs/jquery/1.11.0/jquery.min.js]
[eazzy.me/html/garbini/js/bootstrap.min.js]
[eazzy.me/html/garbini/js/owl.carousel.min.js]
[eazzy.me/html/garbini/js/jquery.jpanelmenu.min.js]
[eazzy.me/html/garbini/js/main.js]
[eazzy.me/html/garbini/js/jquery.cookie.js]
[eazzy.me/html/garbini/product.html]
[eazzy.me/html/garbini/js/theme-config.js]
[eazzy.me/html/garbini/fonts/glyphicons-halflings-regular.37.delayed]
[eazzy.me/html/garbini/fonts/glyphicons-halflings-regulard41d.eot]
[eazzy.me/html/garbini/fonts/glyphicons-halflings-regular.woff2]
[eazzy.me/html/garbini/fonts/glyphicons-halflings-regular.woff]
[eazzy.me/html/garbini/fonts/glyphicons-halflings-regular.ttf]
[eazzy.me/html/garbini/fonts/glyphicons-halflings-regular.svg]
[eazzy.me/html/garbini/css/bootstrap.min.css]
[eazzy.me/html/garbini/css/grabbing.png]
[eazzy.me/html/garbini/css/owl.carousel.css]
[eazzy.me/html/garbini/css/AjaxLoader.gif]
[eazzy.me/html/garbini/css/owl.theme.css]
[eazzy.me/html/garbini/css/owl.transitions.css]
[netdna.bootstrapcdn.com/font-awesome/4.0.3/css/font-awesome.min.css]
[eazzy.me/html/garbini/img/images/about-bg.jpg]
[eazzy.me/html/garbini/css/style-pink.css]
[eazzy.me/html/garbini/img/images/about-large.jpg]
[eazzy.me/html/garbini/img/images/staff-1.jpg]
[eazzy.me/html/garbini/img/images/staff-2.jpg]
[eazzy.me/html/garbini/img/images/staff-3.jpg]
[eazzy.me/html/garbini/img/images/staff-4.jpg]
[eazzy.me/html/garbini/about-us.html]
[eazzy.me/html/garbini/post.html]
[eazzy.me/html/garbini/blog.html]
[eazzy.me/html/garbini/post.html/index.html]
[eazzy.me/html/garbini/contact.html]
[eazzy.me/html/garbini/my-account.html]
[eazzy.me/html/garbini/css/style.css]
[eazzy.me/html/garbini/account-details.html]
[eazzy.me/html/garbini/account-info.html]
[eazzy.me/html/garbini/cng-pw.html]
[eazzy.me/html/garbini/address-book.html]
[eazzy.me/html/garbini/order-history.html]
[eazzy.me/html/garbini/product-details.html]
[eazzy.me/html/garbini/review-rating.html]
[eazzy.me/html/garbini/return.html]
[eazzy.me/html/garbini/newsletter.html]
[eazzy.me/html/garbini/myaccount-leftsidebar.html]
[eazzy.me/html/garbini/img/images/slide-1.jpg]
[eazzy.me/html/garbini/img/images/slide-2.jpg]
[eazzy.me/html/garbini/img/images/slide-3.jpg]
[eazzy.me/html/garbini/img/images/ad-1.jpg]
[eazzy.me/html/garbini/img/images/ad-2.jpg]
[eazzy.me/html/garbini/img/images/ad-3.jpg]
[eazzy.me/html/garbini/img/images/ad-4.jpg]
[eazzy.me/html/garbini/img/images/30-off.jpg]
[eazzy.me/html/garbini/img/images/sale-1.jpg]
[eazzy.me/html/garbini/img/images/sale-2.jpg]
[eazzy.me/html/garbini/img/images/sale-3.jpg]
[eazzy.me/html/garbini/img/images/sale-4.jpg]
[eazzy.me/html/garbini/img/images/sale-5.jpg]
[eazzy.me/html/garbini/img/images/sale-6.jpg]
[eazzy.me/html/garbini/img/images/product-5.jpg]
[eazzy.me/html/garbini/img/images/product-6.jpg]
[eazzy.me/html/garbini/img/images/product-7.jpg]
[eazzy.me/html/garbini/img/images/product-8.jpg]
[eazzy.me/html/garbini/index.html]
[eazzy.me/html/garbini/index-2.html]
[eazzy.me/html/garbini/index-3.html]
[eazzy.me/html/garbini/js/modernizr.custom.63321.js]
[eazzy.me/html/garbini/img/images/1.jpg]
[eazzy.me/html/garbini/img/images/2.jpg]
[eazzy.me/html/garbini/img/images/3.jpg]
[eazzy.me/html/garbini/img/images/4.jpg]
[eazzy.me/html/garbini/img/images/5.jpg]
[eazzy.me/html/garbini/img/images/6.jpg]
[eazzy.me/html/garbini/img/images/7.jpg]
[eazzy.me/html/garbini/img/images/8.jpg]
[eazzy.me/html/garbini/img/images/9.jpg]
[eazzy.me/html/garbini/img/images/10.jpg]
[eazzy.me/html/garbini/img/images/11.jpg]
[eazzy.me/html/garbini/img/images/12.jpg]
[eazzy.me/html/garbini/img/images/13.jpg]
[eazzy.me/html/garbini/img/images/14.jpg]
[eazzy.me/html/garbini/img/images/15.jpg]
[eazzy.me/html/garbini/js/jquery.catslider.js]
[eazzy.me/html/garbini/index-alt.html]
[eazzy.me/html/garbini/css/smoothness/jquery-ui-1.10.4.custom.min.css]
[eazzy.me/html/garbini/js/jquery-ui-1.10.4.custom.min.js]
[eazzy.me/html/garbini/category.html]
[eazzy.me/html/garbini/js/prettyPhoto/css/prettyPhoto.css]
[eazzy.me/html/garbini/js/jquery.isotope.min.js]
[eazzy.me/html/garbini/js/prettyPhoto/js/jquery.prettyPhoto.js]
[eazzy.me/html/garbini/portfolio.html]
[eazzy.me/html/garbini/portfolio-single.html]
[eazzy.me/html/garbini/portfolio-3col.html]
[eazzy.me/html/garbini/portfolio-2col.html]
[eazzy.me/html/garbini/portfolio-alt.html]
[eazzy.me/html/garbini/pages.html]
[eazzy.me/html/garbini/services.html]
[eazzy.me/html/garbini/services-2.html]
[eazzy.me/html/garbini/faqs.html]
[eazzy.me/html/garbini/faqs-with-sidebar.html]
[eazzy.me/html/garbini/contact-2.html]
[maxcdn.bootstrapcdn.com/bootstrap/3.2.0/js/bootstrap.min.js]
[eazzy.me/html/garbini/contact-3.html]
[eazzy.me/html/garbini/price-table.html]
[eazzy.me/html/garbini/img/images/30-off.72.delayed]
[eazzy.me/html/garbini/shortcodes.html]
[eazzy.me/html/garbini/typography.html]
[eazzy.me/html/garbini/error-404.html]
[eazzy.me/html/garbini/shopping-cart.html]
[eazzy.me/html/garbini/fonts/glyphicons-halflings-regular.html]
[eazzy.me/html/garbini/fonts/glyphicons-halflings-regulard41d.html]
[eazzy.me/html/garbini/fonts/glyphicons-halflings-regular-2.html]
[eazzy.me/html/garbini/fonts/glyphicons-halflings-regular-3.html]
[eazzy.me/html/garbini/fonts/glyphicons-halflings-regular-4.html]
[eazzy.me/html/garbini/fonts/glyphicons-halflings-regular-5.html]
[eazzy.me/html/garbini/css/grabbing.html]
[eazzy.me/html/garbini/css/AjaxLoader.html]
[netdna.bootstrapcdn.com/font-awesome/4.0.3/css/font-awesome.min.css]
[eazzy.me/html/garbini/post.html]
[eazzy.me/html/garbini/post.html/index.html]
[eazzy.me/html/garbini/css/style.css]
[eazzy.me/html/garbini/product-details.html]
[eazzy.me/html/garbini/css/smoothness/images/ui-bg_flat_75_ffffff_40x100.png]
[eazzy.me/html/garbini/css/smoothness/images/ui-bg_highlight-soft_75_cccccc_1x100.png]
[eazzy.me/html/garbini/css/smoothness/images/ui-bg_glass_75_e6e6e6_1x400.png]
[eazzy.me/html/garbini/css/smoothness/images/ui-bg_glass_75_dadada_1x400.png]
[eazzy.me/html/garbini/css/smoothness/images/ui-bg_glass_65_ffffff_1x400.png]
[eazzy.me/html/garbini/css/smoothness/images/ui-bg_glass_55_fbf9ee_1x400.png]
[eazzy.me/html/garbini/css/smoothness/images/ui-bg_glass_95_fef1ec_1x400.png]
[eazzy.me/html/garbini/css/smoothness/images/ui-icons_222222_256x240.png]
[eazzy.me/html/garbini/css/smoothness/images/ui-icons_888888_256x240.png]
[eazzy.me/html/garbini/css/smoothness/images/ui-icons_454545_256x240.png]
[eazzy.me/html/garbini/css/smoothness/images/ui-icons_2e83ff_256x240.png]
[eazzy.me/html/garbini/css/smoothness/images/ui-icons_cd0a0a_256x240.png]
[eazzy.me/html/garbini/css/smoothness/images/ui-bg_flat_0_aaaaaa_40x100.png]
[eazzy.me/html/garbini/css/smoothness/jquery-ui-1.10.4.custom.min.css]
[eazzy.me/html/garbini/js/prettyPhoto/images/prettyPhoto/default/sprite.png]
[eazzy.me/html/garbini/js/prettyPhoto/images/prettyPhoto/default/sprite_x.png]
[eazzy.me/html/garbini/js/prettyPhoto/images/prettyPhoto/default/sprite_y.png]
[eazzy.me/html/garbini/js/prettyPhoto/images/prettyPhoto/default/sprite_next.png]
[eazzy.me/html/garbini/js/prettyPhoto/images/prettyPhoto/default/sprite_prev.png]
[eazzy.me/html/garbini/js/prettyPhoto/images/prettyPhoto/default/default_thumb.png]
[eazzy.me/html/garbini/js/prettyPhoto/images/prettyPhoto/default/loader.gif]
[eazzy.me/html/garbini/js/prettyPhoto/images/prettyPhoto/light_rounded/sprite.png]
[eazzy.me/html/garbini/js/prettyPhoto/images/prettyPhoto/light_rounded/btnNext.png]
[eazzy.me/html/garbini/js/prettyPhoto/images/prettyPhoto/light_rounded/btnPrevious.png]
[eazzy.me/html/garbini/js/prettyPhoto/images/prettyPhoto/dark_rounded/sprite.png]
[eazzy.me/html/garbini/js/prettyPhoto/images/prettyPhoto/dark_rounded/contentPattern.png]
[eazzy.me/html/garbini/js/prettyPhoto/images/prettyPhoto/dark_rounded/btnNext.png]
[eazzy.me/html/garbini/js/prettyPhoto/images/prettyPhoto/dark_rounded/btnPrevious.png]
[eazzy.me/html/garbini/js/prettyPhoto/images/prettyPhoto/dark_rounded/loader.gif]
[eazzy.me/html/garbini/js/prettyPhoto/images/prettyPhoto/dark_square/loader.gif]
[eazzy.me/html/garbini/js/prettyPhoto/images/prettyPhoto/dark_square/sprite.png]
[eazzy.me/html/garbini/js/prettyPhoto/images/prettyPhoto/dark_square/btnNext.png]
[eazzy.me/html/garbini/js/prettyPhoto/images/prettyPhoto/dark_square/btnPrevious.png]
[eazzy.me/html/garbini/js/prettyPhoto/images/prettyPhoto/light_square/sprite.png]
[eazzy.me/html/garbini/js/prettyPhoto/images/prettyPhoto/light_square/btnNext.png]
[eazzy.me/html/garbini/js/prettyPhoto/images/prettyPhoto/light_square/btnPrevious.png]
[eazzy.me/html/garbini/js/prettyPhoto/images/prettyPhoto/facebook/sprite.png]
[eazzy.me/html/garbini/js/prettyPhoto/images/prettyPhoto/facebook/contentPatternTop.png]
[eazzy.me/html/garbini/js/prettyPhoto/images/prettyPhoto/facebook/contentPatternLeft.png]
[eazzy.me/html/garbini/js/prettyPhoto/images/prettyPhoto/facebook/contentPatternRight.png]
[eazzy.me/html/garbini/js/prettyPhoto/images/prettyPhoto/facebook/loader.gif]
[eazzy.me/html/garbini/js/prettyPhoto/images/prettyPhoto/facebook/btnNext.png]
[eazzy.me/html/garbini/js/prettyPhoto/images/prettyPhoto/facebook/btnPrevious.png]
[eazzy.me/html/garbini/js/prettyPhoto/images/prettyPhoto/facebook/contentPatternBottom.png]
[eazzy.me/html/garbini/js/prettyPhoto/images/prettyPhoto/facebook/default_thumbnail.gif]
[eazzy.me/html/garbini/js/prettyPhoto/images/prettyPhoto/light_rounded/loader.gif]
[eazzy.me/html/garbini/js/prettyPhoto/css/prettyPhoto.css]
[eazzy.me/html/garbini/img/images/30-off.html]
